data/runs/b8e731b8-ee9f-4454-a136-3aa33020bcaa/panel.csv
t,firm_id,price,cost,quantity,profit
0,0,3.0,1.0,2500.0,5000.0
1,0,3.010468166213232,1.0104681662132322,2466.3159406040068,4932.631881208013
2,0,2.917613090215639,0.9176130902156391,2494.0498743308294,4988.099748661659
3,0,3.049518152291949,1.0495181522919486,2492.220190832993,4984.440381665986
4,0,3.0898141564716735,1.0898141564716732,2447.43293957568,4894.86587915136
5,0,3.1477590891727623,1.1477590891727623,2380.078925827029,4760.157851654058
6,0,3.1300011935074057,1.130001193507406,2381.3244589519545,4762.648917903908
7,0,3.093628714884544,1.0936287148845438,2383.7383166167847,4767.476633233569
8,0,3.164701518930564,1.1647015189305638,2333.9331470166185,4667.866294033237
9,0,3.1822607681737907,1.1822607681737909,2283.2856929872305,4566.57138597446
10,0,3.169125058938836,1.1691250589388358,2506.5067213347425,5013.013442669485
11,0,2.8906430924744857,0.8906430924744855,2685.1669618018614,5370.333923603723
12,0,2.7507476276682103,0.7507476276682101,2784.4166970826545,5568.833394165309
13,0,2.618441552481043,0.618441552481043,2824.7456472041304,5649.491294408261
14,0,2.692616086888303,0.6926160868883027,2759.493970924093,5518.987941848186
15,0,2.843243084880629,0.8432430848806287,2613.3490553278652,5226.6981106557305
16,0,2.7931846887633096,0.7931846887633097,2693.8434093446813,5387.686818689363
17,0,2.749280539736403,0.7492805397364031,2747.301806652076,5494.603613304151
18,0,2.8833562735037708,0.8833562735037706,2559.848085425017,5119.696170850034
19,0,2.8691945093648616,0.8691945093648615,2633.597706196095,5267.19541239219
20,0,2.920539552238927,0.9205395522389267,2641.997182795469,5283.994365590938
21,0,2.9939721644159336,0.9939721644159336,2578.1575935772826,5156.315187154565
22,0,3.0295130585813865,1.0295130585813863,2442.285932882996,4884.571865765992
23,0,3.074228097197487,1.074228097197487,2409.397813689414,4818.795627378828
24,0,2.9901897080316804,0.9901897080316804,2549.2908973403582,5098.5817946807165
25,0,2.860873572577943,0.8608735725779432,2744.059365406456,5488.118730812912
26,0,2.8697885601815947,0.8697885601815948,2764.7783347427894,5529.556669485579
27,0,3.023601023011328,1.023601023011328,2736.646804040857,5473.293608081714
28,0,2.9579635052881086,0.9579635052881086,2759.3009980233674,5518.601996046735
29,0,3.0058240581369704,1.0058240581369702,2704.980395211407,5409.960790422814
30,0,2.976214523995679,0.976214523995679,2778.8022371536854,5557.604474307371
31,0,2.8584540312049116,0.8584540312049117,2893.645705892762,5787.291411785524
32,0,2.8984964747351043,0.8984964747351045,2909.7125720696167,5819.4251441392325
33,0,3.079243575829806,1.079243575829806,2755.5955437403245,5511.191087480649
34,0,3.1108641468670415,1.1108641468670415,2719.7428548428993,5439.485709685799
35,0,3.163752480756091,1.163752480756091,2661.1697395054985,5322.339479010997
36,0,3.134713083746048,1.1347130837460482,2745.6052963044817,5491.2105926089625
37,0,3.025257793116989,1.0252577931169886,2839.5934671319947,5679.186934263989
38,0,3.245130864054193,1.2451308640541932,2719.8269188005415,5439.653837601083
39,0,3.0870354069974644,1.0870354069974644,2851.0630804933708,5702.1261609867415
40,0,3.0321950251939507,1.0321950251939505,2865.563545009753,5731.127090019506
41,0,2.9748670370557804,0.9748670370557803,2902.540455609091,5805.080911218182
42,0,2.9464955982780956,0.9464955982780955,2998.8318432760548,5997.6636865521095
43,0,2.9976549730520756,0.9976549730520756,2973.9701328138717,5947.940265627743
44,0,3.0118671518827567,1.0118671518827567,2956.111108382058,5912.222216764116
45,0,3.0366798063743996,1.0366798063743998,2906.060824774502,5812.121649549003
46,0,3.1327621037137012,1.132762103713701,2806.510545357946,5613.021090715892
47,0,3.0626915044169563,1.0626915044169565,2860.2070737484582,5720.414147496916
48,0,3.2060748106088583,1.2060748106088583,2809.395340232897,5618.790680465794
49,0,3.117112226183864,1.1171122261838644,2864.5438299683374,5729.087659936674
50,0,2.934677938807228,0.9346779388072282,3035.5914764825266,6071.182952965053
51,0,2.8714200291548266,0.8714200291548269,3042.1889672941884,6084.377934588376
52,0,2.892500672369147,0.8925006723691469,3102.532731645022,6205.065463290044
53,0,2.7891934694430276,0.7891934694430274,3139.1522295096684,6278.304459019337
54,0,2.6839339867768235,0.6839339867768236,3205.1528815354136,6410.305763070827
55,0,2.53890885116552,0.5389088511655199,3255.0564707557496,6510.112941511499
56,0,2.4337730564402706,0.43377305644027053,3306.851219788241,6613.702439576482
57,0,2.4067663566618074,0.4067663566618074,3324.0967465011563,6648.193493002313
58,0,2.5650549876942135,0.5650549876942133,3221.087757482431,6442.175514964862
59,0,2.482905962934065,0.4829059629340649,3276.1246440182645,6552.249288036529
60,0,2.3875174760344744,0.38751747603447445,3341.535116912188,6683.070233824376
61,0,2.264393913854345,0.26439391385434513,3367.9165653005084,6735.833130601017
62,0,2.1973758082051864,0.1973758082051865,3419.276268332512,6838.552536665024
63,0,2.137441173870451,0.1374411738704508,3469.613539165282,6939.227078330564
64,0,2.2412146989256447,0.24121469892564462,3407.186855301835,6814.37371060367
65,0,2.133066718354984,0.13306671835498374,3521.393500203603,7042.787000407206
66,0,2.222288221850626,0.2222882218506262,3505.816925698624,7011.633851397248
67,0,2.187106266515432,0.18710626651543205,3566.8996960355444,7133.799392071089
68,0,2.196524321736782,0.19652432173678167,3584.2057835491255,7168.411567098251
69,0,2.091426610433287,0.09142661043328687,3639.3988948872698,7278.7977897745395
70,0,2.228638742642853,0.22863874264285294,3637.2186483666287,7274.437296733257
71,0,2.309305681455578,0.3093056814555778,3564.587234039024,7129.174468078048
72,0,2.258176661445061,0.2581766614450613,3615.732384658267,7231.464769316533
73,0,2.092614478160019,0.092614478160019,3706.739206904846,7413.478413809692
74,0,2.1386822281222706,0.1386822281222708,3720.3363384998115,7440.672676999622
75,0,2.2468506322256467,0.2468506322256469,3642.9385431821024,7285.877086364204
76,0,2.114158523152882,0.1141585231528823,3700.7017055270157,7401.403411054031
77,0,2.155520557842552,0.1555205578425517,3729.303575890128,7458.607151780256
78,0,2.287898338928958,0.2878983389289581,3649.5965150230436,7299.193030046087
79,0,2.2497119231460085,0.24971192314600862,3697.6425113691075,7395.285022738215
80,0,2.405980674734674,0.40598067473467375,3652.9954100585837,7305.9908201171675
81,0,2.321419188639617,0.32141918863961694,3682.2167926280454,7364.433585256091
82,0,2.0883561668046036,0.08835616680460365,3795.1206805567213,7590.2413611134425
83,0,2.2740938492028335,0.2740938492028334,3655.107516295103,7310.215032590206
84,0,2.2888160657734753,0.28881606577347524,3654.419425790848,7308.838851581696
85,0,2.1778526847348285,0.17785268473482846,3653.306514537894,7306.613029075788
86,0,2.2174640295216235,0.21746402952162358,3554.4915579441363,7108.983115888273
87,0,2.2910509121524254,0.2910509121524255,3576.0693190771563,7152.1386381543125
88,0,2.364278923472398,0.36427892347239804,3503.42983044572,7006.85966089144
89,0,2.417312332260219,0.4173123322602188,3592.865898365642,7185.731796731284
90,0,2.4528334162117127,0.45283341621171275,3533.176665289178,7066.353330578356
91,0,2.5395476641762236,0.5395476641762237,3536.3966172877763,7072.793234575553
92,0,2.4506733349243346,0.4506733349243345,3597.317118772674,7194.634237545348
93,0,2.4944785818686928,0.49447858186869276,3563.6281264829718,7127.2562529659435
94,0,2.447457743358587,0.44745774335858735,3626.6754103757517,7253.350820751502
95,0,2.320138497711385,0.3201384977113852,3711.4145517828,7422.829103565599
96,0,2.352120378841924,0.352120378841924,3699.958454667226,7399.916909334451
97,0,2.2786515046345337,0.2786515046345338,3715.4024017826873,7430.804803565375
98,0,2.307869330551439,0.3078693305514388,3661.73182426841,7323.46364853682
99,0,2.2929186093773457,0.29291860937734554,3653.01044442898,7306.02088885796
0,1,3.0,1.0,2500.0,5000.0
1,1,2.919345468661167,0.9193454686611671,2581.283779077504,5162.567558155008
2,1,2.8057787009358837,0.8057787009358834,2637.482963446766,5274.965926893532
3,1,2.933360474133061,0.9333604741330607,2641.2513344531994,5282.502668906399
4,1,2.898464898516141,0.8984648985161412,2693.157573749771,5386.315147499542
5,1,2.905075684701809,0.9050756847018089,2687.1344120669205,5374.268824133841
6,1,2.9316264952434516,0.9316264952434516,2629.632696700513,5259.265393401026
7,1,2.809928913776771,0.8099289137767711,2747.028761513242,5494.057523026483
8,1,2.7958635946686403,0.7958635946686403,2806.600185671627,5613.200371343254
9,1,2.7411009197314264,0.7411009197314267,2846.7996207533392,5693.599241506678
10,1,3.1052690763520014,1.1052690763520014,2587.8257142510874,5175.651428502175
11,1,3.1819221805811653,1.1819221805811655,2321.244269898954,4642.488539797907
12,1,3.317569705156843,1.3175697051568427,2097.2508503502017,4194.5017007004035
13,1,3.3194048728184162,1.3194048728184162,1989.6060692466974,3979.212138493395
14,1,3.2400446717691986,1.2400446717691984,2098.7313153345553,4197.462630669111
15,1,3.442062173539769,1.4420621735397692,1937.1600667169057,3874.3201334338114
16,1,3.4014360814667572,1.4014360814667572,1987.4318034733399,3974.8636069466797
17,1,3.3083093113997686,1.3083093113997688,2077.374595971528,4154.749191943055
18,1,3.321494896919653,1.3214948969196532,2056.239035817072,4112.478071634144
19,1,3.1808736176855295,1.1808736176855292,2253.560266640321,4507.120533280642
20,1,3.2185732181015068,1.2185732181015068,2276.224858487507,4552.449716975014
21,1,3.095167118566394,1.0951671185663943,2450.9545373055807,4901.909074611161
22,1,2.834157045245273,0.8341570452452731,2692.8832644954327,5385.7665289908655
23,1,2.824696572172049,0.8246965721720492,2729.5659638443453,5459.131927688691
24,1,2.9331138843788978,0.9331138843788976,2623.090369064433,5246.180738128866
25,1,3.1450145708380446,1.1450145708380446,2380.636395774848,4761.272791549696
26,1,3.175105403012177,1.175105403012177,2373.349010018273,4746.698020036545
27,1,3.252636573563813,1.2526365735638134,2440.5309095807897,4881.061819161579
28,1,3.1781938094487057,1.1781938094487059,2471.591398308666,4943.182796617331
29,1,3.1753126129935056,1.1753126129935059,2485.193160801642,4970.386321603283
30,1,3.2681031547812056,1.2681031547812056,2401.4570793342136,4802.914158668427
31,1,3.354299993905225,1.354299993905225,2258.259120287964,4516.518240575928
32,1,3.451688251996484,1.4516882519964842,2206.6122374969486,4413.224474993896
33,1,3.4025201209739215,1.4025201209739215,2344.3198448771773,4688.639689754355
34,1,3.45237480397527,1.4523748039752702,2292.8188710420286,4585.637742084057
35,1,3.484766064514374,1.484766064514374,2266.550304499145,4533.100608998289
36,1,3.5984051754908,1.5984051754908004,2177.4522777972834,4354.904555594566
37,1,3.6794067665951244,1.6794067665951247,2047.4321737273572,4094.864347454714
38,1,3.661002246008539,1.6610022460085392,2209.204629311136,4418.409258622272
39,1,3.7774144758413715,1.7774144758413715,2018.798234606337,4037.596469212674
40,1,3.727451231385629,1.727451231385629,2024.1238242779739,4048.2476485559478
41,1,3.7895936805771675,1.7895936805771675,1931.3573597472162,3862.7147194944323
42,1,4.091811449797568,2.091811449797568,1691.414060899199,3382.828121798398
43,1,4.122891773000227,2.1228917730002266,1694.3164840358988,3388.6329680717977
44,1,3.9881162214813415,1.9881162214813413,1814.3913279840385,3628.782655968077
45,1,4.00342696364284,2.0034269636428403,1792.1659513587076,3584.3319027174152
46,1,3.8625903171454636,1.8625903171454634,1948.4375717559087,3896.8751435118174
47,1,3.7188076507111907,1.7188076507111905,2060.2677549212863,4120.5355098425725
48,1,3.8475060956819505,1.8475060956819502,2038.580304141494,4077.160608282988
49,1,3.8658572621298823,1.8658572621298821,1970.0060185860268,3940.0120371720536
50,1,3.9862811483556335,1.9862811483556335,1794.2815406601594,3588.563081320319
51,1,3.8822872729491547,1.8822872729491547,1835.18205558239,3670.36411116478
52,1,4.101923234586332,2.1019232345863323,1694.7030047095357,3389.4060094190704
53,1,4.167982912532514,2.1679829125325143,1575.4769491922723,3150.9538983845437
54,1,4.219098583059112,2.219098583059112,1487.619947320698,2975.239894641396
55,1,4.148283871350509,2.148283871350509,1455.7512848585493,2911.502569717099
56,1,4.099005176764245,2.099005176764245,1438.1828159985364,2876.365631997073
57,1,4.011001341968714,2.011001341968714,1490.4535794369356,2980.907158873871
58,1,4.099278299033072,2.0992782990330725,1495.719646209194,2991.4392924183876
59,1,4.108748196024164,2.108748196024164,1453.15941993,2906.3188398600005
60,1,4.157117892119459,2.1571178921194587,1379.374463655264,2758.748927310528
61,1,3.979820867335241,1.979820867335241,1428.4370100686585,2856.874020137317
62,1,4.175859356357082,2.1758593563570816,1271.4870705354144,2542.974141070829
63,1,4.45933488532169,2.45933488532169,1086.6465127966296,2173.2930255932592
64,1,4.478758439150944,2.4787584391509436,1113.0623734834253,2226.124746966851
65,1,4.493169803120249,2.49316980312025,1081.9935828962837,2163.987165792567
66,1,4.493917078992806,2.493917078992806,1125.9297503977427,2251.8595007954855
67,1,4.5144049917341755,2.5144049917341755,1114.1005785634807,2228.2011571269613
68,1,4.603727139501565,2.603727139501565,1075.6611565408252,2151.3223130816505
69,1,4.738288355951011,2.7382883559510107,968.8821027189347,1937.7642054378694
70,1,4.848585035467005,2.8485850354670057,981.4208951041596,1962.8417902083188
71,1,4.833470159156929,2.8334701591569287,1009.006340638988,2018.012681277976
72,1,4.7821568327948425,2.7821568327948425,1023.5780134568142,2047.1560269136285
73,1,4.882032133563605,2.882032133563605,918.9199577548117,1837.8399155096233
74,1,4.975819585747516,2.9758195857475154,900.5454883995834,1801.0909767991673
75,1,4.907760838905492,2.9077608389054928,963.0360283247317,1926.0720566494629
76,1,4.8879224419294225,2.8879224419294225,924.6319545904436,1849.2639091808871
77,1,4.948452291169016,2.948452291169015,922.8908018653302,1845.781603730661
78,1,4.891376154962305,2.891376154962306,992.903013039642,1985.8060260792836
79,1,4.862815656514373,2.8628156565143734,1001.1442449537493,2002.2884899074982
80,1,4.9377648136181955,2.9377648136181955,1030.0995230407527,2060.1990460815055
81,1,4.887369139451886,2.8873691394518866,1020.752381917445,2041.5047638348894
82,1,4.929010475949884,2.929010475949884,917.0338034238555,1834.067606847711
83,1,4.917640185895791,2.9176401858957908,974.6784479492746,1949.3568958985493
84,1,4.90428707626379,2.9042870762637905,988.2710581637253,1976.5421163274502
85,1,4.90989392345203,2.9098939234520302,932.0321516202528,1864.064303240505
86,1,4.894904253245468,2.8949042532454676,931.9202091042089,1863.8404182084178
87,1,5.005219600102295,3.005219600102295,920.5167311479621,1841.0334622959247
88,1,4.9466129911434304,2.94661299114343,963.2670514604085,1926.5341029208175
89,1,5.061411159591407,3.0614111595914073,957.8163419471151,1915.6326838942302
90,1,4.886588305447303,2.8865883054473023,1046.3625658307526,2092.7251316615057
91,1,4.952950676739887,2.952950676739887,1058.0279995892465,2116.0559991784926
92,1,4.911991385548864,2.911991385548865,1050.7763769178578,2101.552753835715
93,1,4.95370383312809,2.9537038331280905,1042.0256268342355,2084.0512536684705
94,1,5.0065532318128465,3.0065532318128465,1008.8071764373304,2017.6143528746609
95,1,5.0289713501239115,3.0289713501239115,957.9081892574625,1915.816378514925
96,1,5.06407631304977,3.06407631304977,953.4613630144121,1906.9227260288242
97,1,5.181458349789953,3.1814583497899527,870.3007545711279,1740.6015091422557
98,1,5.065013712033474,3.065013712033474,922.5294502280298,1845.05890045606
99,1,4.958749124235439,2.9587491242354393,963.3257577687393,1926.6515155374782
