data/runs/b8e731b8-ee9f-4454-a136-3aa33020bcaa/panel.csv
t,firm_id,price,cost,quantity,profit
0,2,3.0,1.0,2500.0,5000.0
1,2,3.0891973130242714,1.0891973130242714,2371.1165012409847,4742.233002481969
2,2,3.140543114084135,1.1405431140841353,2230.9841987756377,4461.968397551274
3,2,3.2761031339358757,1.2761031339358757,2225.2771402606077,4450.554280521215
4,2,3.3338966572340496,1.3338966572340496,2166.2519129247785,4332.503825849557
5,2,3.264034360592583,1.2640343605925828,2245.6522500391297,4491.3045000782595
6,2,3.148491549297365,1.148491549297365,2359.4101476470205,4718.82029529404
7,2,3.3260581744946176,1.3260581744946176,2122.204160356731,4244.408320713462
8,2,3.421337099271409,1.421337099271409,2052.866481640126,4105.732963280252
9,2,3.4242148957468688,1.4242148957468685,2023.1150655060915,4046.230131012183
10,2,3.325632106016962,1.325632106016962,2317.841850163082,4635.683700326164
11,2,3.1930007300718617,1.1930007300718617,2308.4218064973225,4616.843612994645
12,2,3.103729564097887,1.103729564097887,2333.9157554844887,4667.831510968977
13,2,2.9771901629131463,0.9771901629131463,2360.902636345042,4721.805272690084
14,2,2.9865940767652854,0.9865940767652854,2382.280742817259,4764.561485634518
15,2,2.7597581946462633,0.7597581946462635,2724.745438977615,5449.490877955229
16,2,2.845051178692034,0.8450511786920337,2624.881377837298,5249.762755674596
17,2,2.9963653815112594,0.9963653815112595,2428.02179072432,4856.04358144864
18,2,2.7827156434174416,0.7827156434174415,2691.956439378955,5383.91287875791
19,2,2.989988621499622,0.9899886214996216,2479.2443209674884,4958.488641934977
20,2,3.0797934531379614,1.0797934531379612,2439.7807759215552,4879.5615518431105
21,2,3.143252052786778,1.1432520527867778,2392.7302755398546,4785.460551079709
22,2,3.2641334793893813,1.2641334793893813,2171.9475381261386,4343.895076252277
23,2,3.3193577823530216,1.3193577823530216,2131.470258621896,4262.940517243792
24,2,3.2807930053141456,1.2807930053141454,2204.528364530776,4409.056729061552
25,2,3.36633774786441,1.36633774786441,2131.244873412239,4262.489746824478
26,2,3.422604027798373,1.422604027798373,2097.0943204961477,4194.188640992295
27,2,3.5664028228571176,1.5664028228571176,2086.1754823374963,4172.350964674993
28,2,3.591841274733082,1.5918412747330823,2009.8066056445984,4019.6132112891964
29,2,3.5075287304863814,1.5075287304863811,2104.8460487755437,4209.6920975510875
30,2,3.5934350442206764,1.5934350442206766,2040.9384463584151,4081.87689271683
31,2,3.6432713218976085,1.6432713218976085,1954.4494679265129,3908.8989358530257
32,2,3.6745190747101177,1.6745190747101177,1973.962618363818,3947.925236727636
33,2,3.580708096764789,1.580708096764789,2144.4890676421737,4288.978135284347
34,2,3.474410657236125,1.4744106572361246,2267.6954192721723,4535.390838544345
35,2,3.3611094120679152,1.3611094120679152,2411.110216489859,4822.220432979718
36,2,3.461832245723512,1.461832245723512,2331.3371295937523,4662.6742591875045
37,2,3.470043379804854,1.4700433798048538,2273.380892008654,4546.761784017308
38,2,3.5364654170844,1.5364654170844,2351.141533087781,4702.283066175562
39,2,3.5348794296729418,1.534879429672942,2279.0756044069217,4558.1512088138425
40,2,3.520537588271605,1.5205375882716046,2244.749085702521,4489.498171405042
41,2,3.47216066439098,1.47216066439098,2263.561729034602,4527.123458069204
42,2,3.467647876034955,1.467647876034955,2310.922252548691,4621.844505097382
43,2,3.462040760132176,1.4620407601321759,2357.7432503363575,4715.486500672715
44,2,3.537075230806437,1.537075230806437,2273.3864552518457,4546.772910503691
45,2,3.4229155191813225,1.4229155191813228,2395.712399092288,4791.424798184575
46,2,3.4138458333418527,1.4138458333418527,2438.5413375281996,4877.082675056399
47,2,3.5700795847586777,1.570079584758678,2219.318097581798,4438.636195163595
48,2,3.569465749056506,1.5694657490565056,2342.6290153927116,4685.258030785423
49,2,3.5553242615941647,1.5553242615941645,2300.9063214772987,4601.812642954597
50,2,3.6389923970018896,1.6389923970018896,2134.5355063747875,4269.071012749575
51,2,3.631415822766054,1.6314158227660538,2080.4400098292335,4160.880019658467
52,2,3.672843064654244,1.672843064654244,2100.2315320004204,4200.463064000841
53,2,3.54968401691618,1.54968401691618,2146.2185917883917,4292.437183576783
54,2,3.5276043387911695,1.5276043387911693,2102.0742896084753,4204.148579216951
55,2,3.479186005180581,1.4791860051805812,2034.1357736299517,4068.2715472599034
56,2,3.4920417290656003,1.4920417290656,1948.1147444249816,3896.229488849963
57,2,3.566555113249892,1.5665551132498918,1861.3529275607532,3722.7058551215064
58,2,3.4570387633327884,1.4570387633327884,2062.1048388259446,4124.209677651889
59,2,3.475350062306862,1.475350062306862,1994.5912920334713,3989.1825840669426
60,2,3.4775240603649635,1.4775240603649638,1937.555302520359,3875.1106050407175
61,2,3.4780982685911512,1.4780982685911515,1835.7298593303256,3671.4597186606507
62,2,3.383121885350165,1.3831218853501648,1889.9603927995627,3779.9207855991253
63,2,3.265275653631729,1.265275653631729,1974.1264088728065,3948.252817745613
64,2,3.235415767212527,1.235415767212527,2072.5639159129055,4145.127831825811
65,2,3.3933289527462147,1.3933289527462145,1875.2194166965105,3750.438833393021
66,2,3.487364313119156,1.4873643131191558,1862.4363982050097,3724.8727964100194
67,2,3.608869667978473,1.608869667978473,1752.1000293654306,3504.2000587308607
68,2,3.6236039832708036,1.6236039832708034,1755.9272763609242,3511.8545527218484
69,2,3.5531822977446987,1.5531822977446987,1752.3201075065256,3504.640215013051
70,2,3.698552038197027,1.6985520381970272,1744.1418081625836,3488.2836163251673
71,2,3.6082940708933045,1.6082940708933042,1861.819191282963,3723.638382565926
72,2,3.715305447681917,1.715305447681917,1744.9572172266503,3489.9144344533006
73,2,3.6901467314250107,1.6901467314250107,1667.6016284354978,3335.2032568709956
74,2,3.754143386864247,1.7541433868642469,1658.7818346007944,3317.5636692015887
75,2,3.7119585833843054,1.7119585833843052,1751.0868853110637,3502.1737706221274
76,2,3.7008137359480315,1.7008137359480318,1673.9646343555246,3347.9292687110487
77,2,3.8249614550645807,1.8249614550645805,1618.5020463544136,3237.004092708827
78,2,3.8065978492972956,1.8065978492972958,1707.903956914271,3415.8079138285416
79,2,3.920637137368321,1.9206371373683209,1603.5707323080348,3207.1414646160697
80,2,3.978735561064572,1.9787355610645718,1663.9096568420803,3327.8193136841605
81,2,3.9700095086928835,1.9700095086928835,1614.814032826464,3229.628065652928
82,2,3.9545821903247234,1.9545821903247231,1492.7248354627015,2985.449670925403
83,2,3.787394488863573,1.787394488863573,1715.1065194605194,3430.213038921039
84,2,3.816036817880022,1.816036817880022,1702.8900902545781,3405.7801805091563
85,2,3.636951395334168,1.636951395334168,1761.3548193039599,3522.7096386079197
86,2,3.4089211184114943,1.408921118411494,1959.0966750075183,3918.1933500150367
87,2,3.527292962328917,1.527292962328917,1927.3446306977244,3854.6892613954487
88,2,3.4558170614413575,1.4558170614413575,2029.8732876481513,4059.7465752963026
89,2,3.737878572084294,1.737878572084294,1856.4518613215996,3712.903722643199
90,2,3.7069505323296497,1.7069505323296494,1887.2841035908928,3774.5682071817855
91,2,3.814765928689253,1.8147659286892532,1869.1787658352011,3738.357531670402
92,2,3.886580258236126,1.8865802582361262,1754.5893855367947,3509.1787710735894
93,2,3.8266202963906766,1.8266202963906768,1830.7181201998221,3661.436240399644
94,2,3.918802240295684,1.9188022402956841,1737.842002811166,3475.684005622332
95,2,3.979022813980716,1.9790228139807158,1619.2627071769377,3238.5254143538755
96,2,3.971312058561171,1.9713120585611714,1646.6217276511359,3293.2434553022713
97,2,3.8436700630813943,1.8436700630813943,1698.894441863497,3397.788883726994
98,2,3.779936096588494,1.779936096588494,1754.0069012351498,3508.013802470299
99,2,3.787023827023936,1.7870238270239363,1730.653353373301,3461.3067067466013
